[softivus.com/coinx/main/index.html]
[backblue.gif]
[fade.gif]
[index.html]
[softivus.com/coinx/main/assets/images/fav.png]
[softivus.com/coinx/main/assets/css/style.min.css]
[softivus.com/coinx/main/assets/images/logo.png]
[softivus.com/coinx/main/staking.html]
[softivus.com/coinx/main/staking-details.html]
[softivus.com/coinx/main/ido.html]
[softivus.com/coinx/main/idodetails.html]
[softivus.com/coinx/main/swap.html]
[softivus.com/coinx/main/swap-checkout.html]
[softivus.com/coinx/main/apex.html]
[softivus.com/coinx/main/buycrypto.html]
[softivus.com/coinx/main/pricing-plan.html]
[softivus.com/coinx/main/rewards.html]
[softivus.com/coinx/main/blgoresource.html]
[softivus.com/coinx/main/blogdetails.html]
[softivus.com/coinx/main/contact-us.html]
[softivus.com/coinx/main/terms-conditaions.html]
[softivus.com/coinx/main/404.html]
[softivus.com/coinx/main/assets/images/icon/dog.png]
[softivus.com/coinx/main/assets/images/icon/wallet-connect.png]
[softivus.com/coinx/main/assets/images/hero-banner.png]
[softivus.com/coinx/main/assets/images/round-image-for-home-page.png]
[softivus.com/coinx/main/assets/images/hero-shape.png]
[softivus.com/coinx/main/assets/images/lightone.png]
[softivus.com/coinx/main/assets/images/lighttwo.png]
[softivus.com/coinx/main/assets/images/icon/ripple.png]
[softivus.com/coinx/main/assets/images/icon/coinbase.png]
[softivus.com/coinx/main/assets/images/icon/binance.png]
[softivus.com/coinx/main/assets/images/icon/bitfinex.png]
[softivus.com/coinx/main/assets/images/icon/steemit.png]
[softivus.com/coinx/main/assets/images/icon/subscription.png]
[softivus.com/coinx/main/assets/images/icon/snapshot.png]
[softivus.com/coinx/main/assets/images/icon/lottery.png]
[softivus.com/coinx/main/assets/images/icon/redemption.png]
[softivus.com/coinx/main/assets/images/icon/homeicon2.png]
[softivus.com/coinx/main/assets/images/icon/homeicon3.png]
[softivus.com/coinx/main/assets/images/icon/homeicon4.png]
[softivus.com/coinx/main/assets/images/icon/homeicon5.png]
[softivus.com/coinx/main/assets/images/icon/homeicon6.png]
[softivus.com/coinx/main/assets/images/icon/cryptocurrency56304.png]
[softivus.com/coinx/main/assets/images/icon/tableicon3.png]
[softivus.com/coinx/main/assets/images/icon/cryptocurrency.png]
[softivus.com/coinx/main/assets/images/icon/solanalogo.png]
[softivus.com/coinx/main/assets/images/icon/currencyCategory5333a.png]
[softivus.com/coinx/main/assets/images/icon/currencyCategory6bd4a.png]
[softivus.com/coinx/main/assets/images/icon/currencyCategory71949.png]
[softivus.com/coinx/main/assets/images/icon/ethereum5053.png]
[softivus.com/coinx/main/assets/images/icon/ethereum5050.png]
[softivus.com/coinx/main/assets/images/icon/ethereum5052.png]
[softivus.com/coinx/main/assets/images/icon/ethereum5051.png]
[softivus.com/coinx/main/assets/images/support227.png]
[softivus.com/coinx/main/assets/images/trade.png]
[softivus.com/coinx/main/assets/images/trustedsecure.png]
[softivus.com/coinx/main/assets/images/cardtocrypto.png]
[softivus.com/coinx/main/assets/images/automatically.png]
[softivus.com/coinx/main/assets/images/icon/radeallassets.png]
[softivus.com/coinx/main/assets/images/icon/hedgepoloniex.png]
[softivus.com/coinx/main/assets/images/icon/crossmargin.png]
[softivus.com/coinx/main/assets/images/faq-thumb.png]
[softivus.com/cdn-cgi/scripts/5c5dd728/cloudflare-static/email-decode.min.js]
[softivus.com/coinx/main/assets/js/plugins/plugin-custom.js]
[softivus.com/coinx/main/assets/js/plugins/plugins.js]
[softivus.com/coinx/main/index.html]
[softivus.com/coinx/main/assets/js/main.js]
[softivus.com/coinx/main/assets/css/bootstrap.min.css]
[softivus.com/coinx/main/assets/css/plugins/nice-select.css]
[softivus.com/coinx/main/assets/css/plugins/select2.min.css]
[softivus.com/coinx/main/assets/css/plugins/swiper.min.css]
[softivus.com/coinx/main/assets/css/plugins/jquery-ui-min.css]
[softivus.com/coinx/main/assets/css/plugins/odometer-min.css]
[softivus.com/coinx/main/assets/css/plugins/animate.css]
[softivus.com/coinx/main/assets/css/plugins/quill.snow.css]
[cdn.jsdelivr.net/npm/@tabler/icons-webfont@2.36.0/tabler-icons.min.css]
[softivus.com/coinx/main/assets/images/footerbg.png]
[softivus.com/coinx/main/assets/images/herobanner.png]
[softivus.com/coinx/main/assets/images/ready-bg-cmn.png]
[softivus.com/coinx/main/assets/images/faqback-bg.png]
[softivus.com/coinx/main/assets/images/table-pool2.png]
[softivus.com/coinx/main/assets/images/mainheroarea.png]
[softivus.com/coinx/main/assets/images/howtoget-bg.png]
[softivus.com/coinx/main/assets/images/earnandsaving.png]
[softivus.com/coinx/main/assets/images/noisy-background6.png]
[softivus.com/coinx/main/assets/images/counterbg.png]
[softivus.com/coinx/main/assets/css/style.min.css]
[softivus.com/coinx/main/assets/images/icon/poolsicon1.png]
[softivus.com/coinx/main/assets/images/icon/poolsicon2.png]
[softivus.com/coinx/main/assets/images/icon/poolsicon3.png]
[softivus.com/coinx/main/assets/images/icon/poolsicon4.png]
[softivus.com/coinx/main/assets/images/icon/tableicon2.png]
[softivus.com/coinx/main/assets/images/icon/tableicon1.png]
[softivus.com/coinx/main/assets/images/icon/tableicon12.png]
[softivus.com/coinx/main/assets/images/icon/tableicon11.png]
[softivus.com/coinx/main/assets/images/icon/tableicon5.png]
[softivus.com/coinx/main/assets/images/icon/tableicon4.png]
[softivus.com/coinx/main/assets/images/icon/tableicon7.png]
[softivus.com/coinx/main/assets/images/icon/tableicon6.png]
[softivus.com/coinx/main/assets/images/icon/tableicon8.png]
[softivus.com/coinx/main/assets/images/icon/tableicon9.png]
[softivus.com/coinx/main/assets/images/icon/tableicon10.png]
[softivus.com/coinx/main/assets/images/icon/process1.png]
[softivus.com/coinx/main/assets/images/icon/processuparrow.png]
[softivus.com/coinx/main/assets/images/icon/process2.png]
[softivus.com/coinx/main/assets/images/icon/processdownarrow.png]
[softivus.com/coinx/main/assets/images/icon/process3.png]
[softivus.com/coinx/main/assets/images/icon/process4.png]
[softivus.com/coinx/main/staking.html]
[softivus.com/coinx/main/assets/js/plugins/chart.js]
[softivus.com/coinx/main/assets/images/icon/steth-ngicon.png]
[softivus.com/coinx/main/assets/images/icon/stethtwo.png]
[softivus.com/coinx/main/assets/images/icon/stethone.png]
[softivus.com/coinx/main/staking-details.html]
[softivus.com/coinx/main/assets/js/plugins/charttwo.js]
[softivus.com/coinx/main/assets/images/icon/pop-social.png]
[softivus.com/coinx/main/assets/images/icon/cyber-arena.png]
[softivus.com/coinx/main/assets/images/icon/virtual-version.png]
[softivus.com/coinx/main/assets/images/icon/berby-stars.png]
[softivus.com/coinx/main/assets/images/icon/eldarune.png]
[softivus.com/coinx/main/ido.html]
[softivus.com/coinx/main/assets/images/icon/cyber-arenaone.png]
[softivus.com/coinx/main/assets/images/icon/tstart.png]
[softivus.com/coinx/main/idodetails.html]
[softivus.com/coinx/main/assets/images/icon/bticoin505.png]
[softivus.com/coinx/main/assets/images/icon/litecoin_ltc.png]
[softivus.com/coinx/main/assets/images/icon/tether.png]
[softivus.com/coinx/main/assets/images/icon/usd-coin.png]
[softivus.com/coinx/main/assets/images/qrcode.png]
[softivus.com/coinx/main/assets/images/icon/google-icon.png]
[softivus.com/coinx/main/assets/images/icon/apple-icon.png]
[softivus.com/coinx/main/swap.html]
[softivus.com/coinx/main/assets/images/icon/ethereum_eth.png]
[softivus.com/coinx/main/assets/images/icon/bnb.png]
[softivus.com/coinx/main/assets/images/icon/near_protocol.png]
[softivus.com/coinx/main/sign-up.html]
[softivus.com/coinx/main/assets/images/bgmusts.png]
[softivus.com/coinx/main/swap-checkout.html]
[softivus.com/coinx/main/assets/images/icon/taboneimag1.png]
[softivus.com/coinx/main/assets/images/icon/taboneimag2.png]
[softivus.com/coinx/main/assets/images/icon/taboneimag3.png]
[softivus.com/coinx/main/assets/images/icon/chartlogin.png]
[softivus.com/coinx/main/apex.html]
[softivus.com/coinx/main/assets/images/icon/accessible.png]
[softivus.com/coinx/main/assets/images/icon/convenient.png]
[softivus.com/coinx/main/assets/images/icon/low-cost.png]
[softivus.com/coinx/main/assets/images/visa-mastercard1.png]
[softivus.com/coinx/main/assets/images/google-pay.png]
[softivus.com/coinx/main/assets/images/sepa.png]
[softivus.com/coinx/main/assets/images/instant-gbp.png]
[softivus.com/coinx/main/assets/images/apple-pay.png]
[softivus.com/coinx/main/assets/images/on-chain.png]
[softivus.com/coinx/main/assets/images/icon/cashback1.png]
[softivus.com/coinx/main/assets/images/icon/cashback2.png]
[softivus.com/coinx/main/assets/images/icon/cashback3.png]
[softivus.com/coinx/main/assets/images/icon/cashback4.png]
[softivus.com/coinx/main/buycrypto.html]
[softivus.com/coinx/main/assets/images/icon/pricing_plan3.png]
[softivus.com/coinx/main/assets/images/icon/pricing_plan2.png]
[softivus.com/coinx/main/assets/images/icon/pricing_plan4.png]
[softivus.com/coinx/main/pricing-plan.html]
[softivus.com/coinx/main/assets/images/swapcard.png]
[softivus.com/coinx/main/login.html]
[softivus.com/coinx/main/assets/images/upcomingcard1.png]
[softivus.com/coinx/main/assets/images/upcomingcard2.png]
[softivus.com/coinx/main/assets/images/swapcardtwo.png]
[softivus.com/coinx/main/assets/images/upcomingcard4.png]
[softivus.com/coinx/main/assets/images/upcomingcard5.png]
[softivus.com/coinx/main/assets/images/upcomingcard6.png]
[softivus.com/coinx/main/assets/images/upcomingcard7.png]
[softivus.com/coinx/main/rewards.html]
[softivus.com/coinx/main/assets/images/detailscard-top.png]
[softivus.com/coinx/main/assets/images/detailscard1.png]
[softivus.com/coinx/main/assets/images/detailscard2.png]
[softivus.com/coinx/main/assets/images/detailscard3.png]
[softivus.com/coinx/main/assets/images/detailscard4.png]
[softivus.com/coinx/main/assets/images/detailscard5.png]
[softivus.com/coinx/main/assets/images/detailscard6.png]
[softivus.com/coinx/main/blgoresource.html]
[softivus.com/coinx/main/assets/images/blogdetailschart.png]
[softivus.com/coinx/main/assets/images/details-image-nayem.png]
[softivus.com/coinx/main/blogdetails.html]
[softivus.com/coinx/main/contact-us.html]
[softivus.com/coinx/main/terms-conditaions.html]
[softivus.com/coinx/main/assets/images/404.png]
[softivus.com/coinx/main/404.html]
[softivus.com/coinx/main/assets/css/bootstrap.min.css]
[softivus.com/coinx/main/assets/css/plugins/nice-select.css]
[softivus.com/coinx/main/assets/css/plugins/select2.min.css]
[softivus.com/coinx/main/assets/css/plugins/swiper.min.css]
[softivus.com/coinx/main/assets/css/plugins/jquery-ui-min.css]
[softivus.com/coinx/main/assets/css/plugins/odometer-min.css]
[softivus.com/coinx/main/assets/css/plugins/animate.css]
[softivus.com/coinx/main/assets/css/plugins/quill.snow.css]
[cdn.jsdelivr.net/npm/@tabler/icons-webfont@2.36.0/fonts/tabler-iconsea40.eot]
[cdn.jsdelivr.net/npm/@tabler/icons-webfont@2.36.0/fonts/tabler-iconsea40.woff2]
[cdn.jsdelivr.net/npm/@tabler/icons-webfont@2.36.0/fonts/tabler-iconsd41d.woff]
[cdn.jsdelivr.net/npm/@tabler/icons-webfont@2.36.0/fonts/tabler-iconsd41d.eot]
[cdn.jsdelivr.net/npm/@tabler/icons-webfont@2.36.0/tabler-icons.min.css]
[softivus.com/coinx/main/sign-up.html]
[softivus.com/coinx/main/login.html]
[cdn.jsdelivr.net/npm/@tabler/icons-webfont@2.36.0/fonts/tabler-iconsea40.ttf]
